========================================================================
INDIA TECH INTERNSHIPS TRACKER — DETAILED SCRAPE LOG
Started:  2026-09-17 17:44:03 UTC
Finished: 2026-09-17 17:45:25 UTC (81.6s)
Result:   56 succeeded, 0 failed, 17 active India listings
========================================================================

[17:44:03] [INFO ] Starting scrape for 56 companies with 8 workers (dry_run=False, keyword=None)
[17:44:06] [INFO ] [OK]   Google                   ( 2.7s) ->   65 postings, 65 interns, 2 India
[17:44:07] [INFO ] [OK]   Apple                    ( 3.3s) ->  117 postings, 75 interns, 0 India
[17:44:07] [INFO ] [OK]   Salesforce               ( 3.6s) ->   41 postings, 15 interns, 1 India
[17:44:07] [INFO ] [OK]   Netflix                  ( 0.4s) ->    4 postings,  3 interns, 0 India
[17:44:08] [INFO ] [OK]   Meta                     ( 1.7s) ->  410 postings,  1 interns, 0 India
[17:44:08] [INFO ] [OK]   PhonePe                  ( 1.1s) ->   70 postings,  1 interns, 0 India
[17:44:08] [INFO ] [OK]   Razorpay                 ( 0.1s) ->   19 postings,  0 interns, 0 India
[17:44:09] [INFO ] [OK]   Swiggy                   ( 0.7s) ->   98 postings,  0 interns, 0 India
[17:44:10] [INFO ] [OK]   Freshworks               ( 1.2s) ->  141 postings,  0 interns, 0 India
[17:44:10] [INFO ] [OK]   Meesho                   ( 1.0s) ->   49 postings,  0 interns, 0 India
[17:44:10] [INFO ] [OK]   Groww                    ( 0.0s) ->    8 postings,  2 interns, 0 India
[17:44:10] [INFO ] [OK]   CRED                     ( 0.6s) ->   11 postings,  0 interns, 0 India
[17:44:10] [INFO ] [OK]   InMobi                   ( 0.0s) ->   61 postings,  0 interns, 0 India
[17:44:10] [INFO ] [OK]   Amazon                   ( 7.0s) ->  500 postings, 231 interns, 0 India
[17:44:11] [INFO ] [OK]   Zomato                   ( 0.4s) ->    3 postings,  1 interns, 0 India
[17:44:11] [INFO ] [OK]   Zeta                     ( 0.8s) ->   19 postings,  1 interns, 0 India
[17:44:11] [INFO ] [OK]   Cisco                    ( 0.3s) ->   32 postings, 23 interns, 0 India
[17:44:11] [INFO ] [OK]   Qualcomm                 ( 5.3s) ->   62 postings, 52 interns, 3 India
[17:44:12] [INFO ] [OK]   AMD                      ( 0.5s) ->   10 postings, 10 interns, 0 India
[17:44:14] [INFO ] [OK]   Dell Technologies        ( 3.2s) ->  186 postings, 19 interns, 0 India
[17:44:16] [INFO ] [OK]   HPE                      ( 2.0s) ->   59 postings, 50 interns, 1 India
[17:44:20] [INFO ] [OK]   Red Hat                  ( 8.0s) ->  109 postings, 30 interns, 0 India
[17:44:21] [INFO ] [OK]   Microsoft                (17.9s) ->  131 postings, 77 interns, 4 India
[17:44:22] [INFO ] [OK]   Broadcom (VMware)        ( 5.8s) ->  104 postings,  0 interns, 0 India
[17:44:26] [INFO ] [OK]   Adobe                    (22.4s) ->  271 postings,  8 interns, 0 India
[17:44:27] [INFO ] [OK]   ServiceNow               ( 5.7s) ->  643 postings,  2 interns, 0 India
[17:44:29] [INFO ] [OK]   NVIDIA                   (25.5s) ->  300 postings, 94 interns, 1 India
[17:44:32] [INFO ] [OK]   PayPal                   (12.2s) ->  154 postings,  0 interns, 0 India
[17:44:33] [INFO ] [OK]   Intel                    (22.0s) ->  300 postings, 51 interns, 0 India
[17:44:34] [INFO ] [OK]   Snowflake                ( 0.2s) ->    9 postings,  7 interns, 0 India
[17:44:34] [INFO ] [OK]   GitHub                   ( 0.8s) ->   77 postings,  0 interns, 0 India
[17:44:37] [INFO ] [OK]   Oracle                   (33.2s) ->  999 postings, 13 interns, 0 India
[17:44:37] [INFO ] [OK]   CrowdStrike              (15.1s) ->  217 postings,  2 interns, 0 India
[17:44:37] [INFO ] [OK]   Nokia                    ( 5.0s) ->  225 postings, 23 interns, 0 India
[17:44:40] [INFO ] [OK]   Walmart Global Tech      (30.0s) ->  300 postings, 300 interns, 1 India
[17:44:43] [INFO ] [OK]   Palo Alto Networks       (17.1s) ->  300 postings,  1 interns, 0 India
[17:44:48] [INFO ] [OK]   Micron                   (19.0s) ->  300 postings, 27 interns, 0 India
[17:44:51] [INFO ] [OK]   Workday                  (24.3s) ->  166 postings,  0 interns, 0 India
[17:44:53] [INFO ] [OK]   JPMorgan Chase           (18.5s) ->  999 postings, 112 interns, 0 India
[17:44:53] [INFO ] [OK]   Jane Street              ( 0.2s) ->  230 postings, 47 interns, 0 India
[17:44:53] [INFO ] [OK]   Stripe                   ( 0.1s) ->  654 postings,  7 interns, 1 India
[17:44:53] [INFO ] [OK]   MongoDB                  ( 0.1s) ->  412 postings,  0 interns, 0 India
[17:44:53] [INFO ] [OK]   Rubrik                   ( 0.0s) ->  141 postings,  3 interns, 2 India
[17:44:53] [INFO ] [OK]   Cloudflare               ( 0.0s) ->  372 postings,  0 interns, 0 India
[17:44:53] [INFO ] [OK]   Datadog                  ( 0.1s) ->  447 postings,  8 interns, 0 India
[17:44:54] [INFO ] [OK]   Databricks               ( 0.1s) ->  882 postings,  3 interns, 0 India
[17:44:54] [INFO ] [OK]   Elastic                  ( 0.1s) ->  364 postings,  0 interns, 0 India
[17:44:54] [INFO ] [OK]   GitLab                   ( 0.3s) ->  222 postings,  0 interns, 0 India
[17:44:54] [INFO ] [OK]   Twilio                   ( 0.0s) ->  145 postings,  1 interns, 1 India
[17:44:57] [INFO ] [OK]   Barclays                 (16.4s) ->  300 postings, 30 interns, 0 India
[17:45:01] [INFO ] [OK]   Wells Fargo              (24.5s) ->  300 postings, 25 interns, 0 India
[17:45:02] [INFO ] [OK]   Morgan Stanley           (24.4s) ->  300 postings,  3 interns, 0 India
[17:45:10] [INFO ] [OK]   Visa                     (26.6s) ->  300 postings, 17 interns, 0 India
[17:45:12] [INFO ] [OK]   Accenture                (35.6s) ->  300 postings, 68 interns, 0 India
[17:45:12] [INFO ] [OK]   Mastercard               (24.3s) ->  300 postings,  3 interns, 0 India
[17:45:25] [INFO ] [OK]   Bloomberg                (33.7s) ->  212 postings,  0 interns, 0 India
